------------------------------------------------------------
Timing Analyzer Summary
------------------------------------------------------------

Type  : Slow 1200mV 85C Model Setup 'clk_50'
Slack : -1.929
TNS   : -26.844

Type  : Slow 1200mV 85C Model Setup 'analog_to_buttons:inst5|counter[0]'
Slack : -1.893
TNS   : -3.749

Type  : Slow 1200mV 85C Model Setup 'adcReader:inst1|clk_spi'
Slack : -1.877
TNS   : -33.823

Type  : Slow 1200mV 85C Model Setup 'analog_to_buttons:inst5|b1'
Slack : -0.035
TNS   : -0.035

Type  : Slow 1200mV 85C Model Hold 'adcReader:inst1|clk_spi'
Slack : 0.343
TNS   : 0.000

Type  : Slow 1200mV 85C Model Hold 'analog_to_buttons:inst5|b1'
Slack : 0.357
TNS   : 0.000

Type  : Slow 1200mV 85C Model Hold 'clk_50'
Slack : 0.357
TNS   : 0.000

Type  : Slow 1200mV 85C Model Hold 'analog_to_buttons:inst5|counter[0]'
Slack : 0.732
TNS   : 0.000

Type  : Slow 1200mV 85C Model Recovery 'clk_50'
Slack : -3.490
TNS   : -72.562

Type  : Slow 1200mV 85C Model Recovery 'adcReader:inst1|clk_spi'
Slack : -0.540
TNS   : -4.020

Type  : Slow 1200mV 85C Model Recovery 'analog_to_buttons:inst5|b1'
Slack : -0.439
TNS   : -1.317

Type  : Slow 1200mV 85C Model Removal 'adcReader:inst1|clk_spi'
Slack : 0.571
TNS   : 0.000

Type  : Slow 1200mV 85C Model Removal 'analog_to_buttons:inst5|b1'
Slack : 0.884
TNS   : 0.000

Type  : Slow 1200mV 85C Model Removal 'clk_50'
Slack : 0.917
TNS   : 0.000

Type  : Slow 1200mV 85C Model Minimum Pulse Width 'clk_50'
Slack : -3.000
TNS   : -29.000

Type  : Slow 1200mV 85C Model Minimum Pulse Width 'adcReader:inst1|clk_spi'
Slack : -1.000
TNS   : -33.000

Type  : Slow 1200mV 85C Model Minimum Pulse Width 'analog_to_buttons:inst5|b1'
Slack : -1.000
TNS   : -3.000

Type  : Slow 1200mV 85C Model Minimum Pulse Width 'analog_to_buttons:inst5|counter[0]'
Slack : 0.424
TNS   : 0.000

Type  : Slow 1200mV 0C Model Setup 'clk_50'
Slack : -1.639
TNS   : -20.958

Type  : Slow 1200mV 0C Model Setup 'analog_to_buttons:inst5|counter[0]'
Slack : -1.627
TNS   : -3.226

Type  : Slow 1200mV 0C Model Setup 'adcReader:inst1|clk_spi'
Slack : -1.622
TNS   : -27.779

Type  : Slow 1200mV 0C Model Setup 'analog_to_buttons:inst5|b1'
Slack : 0.076
TNS   : 0.000

Type  : Slow 1200mV 0C Model Hold 'adcReader:inst1|clk_spi'
Slack : 0.298
TNS   : 0.000

Type  : Slow 1200mV 0C Model Hold 'clk_50'
Slack : 0.311
TNS   : 0.000

Type  : Slow 1200mV 0C Model Hold 'analog_to_buttons:inst5|b1'
Slack : 0.312
TNS   : 0.000

Type  : Slow 1200mV 0C Model Hold 'analog_to_buttons:inst5|counter[0]'
Slack : 0.704
TNS   : 0.000

Type  : Slow 1200mV 0C Model Recovery 'clk_50'
Slack : -3.040
TNS   : -63.202

Type  : Slow 1200mV 0C Model Recovery 'adcReader:inst1|clk_spi'
Slack : -0.377
TNS   : -2.639

Type  : Slow 1200mV 0C Model Recovery 'analog_to_buttons:inst5|b1'
Slack : -0.241
TNS   : -0.723

Type  : Slow 1200mV 0C Model Removal 'adcReader:inst1|clk_spi'
Slack : 0.517
TNS   : 0.000

Type  : Slow 1200mV 0C Model Removal 'analog_to_buttons:inst5|b1'
Slack : 0.732
TNS   : 0.000

Type  : Slow 1200mV 0C Model Removal 'clk_50'
Slack : 0.776
TNS   : 0.000

Type  : Slow 1200mV 0C Model Minimum Pulse Width 'clk_50'
Slack : -3.000
TNS   : -29.000

Type  : Slow 1200mV 0C Model Minimum Pulse Width 'adcReader:inst1|clk_spi'
Slack : -1.000
TNS   : -33.000

Type  : Slow 1200mV 0C Model Minimum Pulse Width 'analog_to_buttons:inst5|b1'
Slack : -1.000
TNS   : -3.000

Type  : Slow 1200mV 0C Model Minimum Pulse Width 'analog_to_buttons:inst5|counter[0]'
Slack : 0.438
TNS   : 0.000

Type  : Fast 1200mV 0C Model Setup 'clk_50'
Slack : -0.886
TNS   : -12.549

Type  : Fast 1200mV 0C Model Setup 'analog_to_buttons:inst5|counter[0]'
Slack : -0.606
TNS   : -1.201

Type  : Fast 1200mV 0C Model Setup 'adcReader:inst1|clk_spi'
Slack : -0.585
TNS   : -7.825

Type  : Fast 1200mV 0C Model Setup 'analog_to_buttons:inst5|b1'
Slack : 0.420
TNS   : 0.000

Type  : Fast 1200mV 0C Model Hold 'adcReader:inst1|clk_spi'
Slack : 0.179
TNS   : 0.000

Type  : Fast 1200mV 0C Model Hold 'clk_50'
Slack : 0.186
TNS   : 0.000

Type  : Fast 1200mV 0C Model Hold 'analog_to_buttons:inst5|b1'
Slack : 0.187
TNS   : 0.000

Type  : Fast 1200mV 0C Model Hold 'analog_to_buttons:inst5|counter[0]'
Slack : 0.364
TNS   : 0.000

Type  : Fast 1200mV 0C Model Recovery 'clk_50'
Slack : -1.603
TNS   : -33.245

Type  : Fast 1200mV 0C Model Recovery 'adcReader:inst1|clk_spi'
Slack : 0.114
TNS   : 0.000

Type  : Fast 1200mV 0C Model Recovery 'analog_to_buttons:inst5|b1'
Slack : 0.189
TNS   : 0.000

Type  : Fast 1200mV 0C Model Removal 'adcReader:inst1|clk_spi'
Slack : 0.314
TNS   : 0.000

Type  : Fast 1200mV 0C Model Removal 'analog_to_buttons:inst5|b1'
Slack : 0.475
TNS   : 0.000

Type  : Fast 1200mV 0C Model Removal 'clk_50'
Slack : 0.546
TNS   : 0.000

Type  : Fast 1200mV 0C Model Minimum Pulse Width 'clk_50'
Slack : -3.000
TNS   : -29.884

Type  : Fast 1200mV 0C Model Minimum Pulse Width 'adcReader:inst1|clk_spi'
Slack : -1.000
TNS   : -33.000

Type  : Fast 1200mV 0C Model Minimum Pulse Width 'analog_to_buttons:inst5|b1'
Slack : -1.000
TNS   : -3.000

Type  : Fast 1200mV 0C Model Minimum Pulse Width 'analog_to_buttons:inst5|counter[0]'
Slack : 0.399
TNS   : 0.000

------------------------------------------------------------
