------------------------------------------------------------
Timing Analyzer Summary
------------------------------------------------------------

Type  : Slow 1200mV 85C Model Setup 'clk_50'
Slack : -4.116
TNS   : -338.989

Type  : Slow 1200mV 85C Model Setup 'start'
Slack : -0.318
TNS   : -0.318

Type  : Slow 1200mV 85C Model Hold 'clk_50'
Slack : 0.358
TNS   : 0.000

Type  : Slow 1200mV 85C Model Hold 'start'
Slack : 0.853
TNS   : 0.000

Type  : Slow 1200mV 85C Model Minimum Pulse Width 'clk_50'
Slack : -3.000
TNS   : -212.000

Type  : Slow 1200mV 85C Model Minimum Pulse Width 'start'
Slack : -3.000
TNS   : -4.000

Type  : Slow 1200mV 0C Model Setup 'clk_50'
Slack : -3.564
TNS   : -283.897

Type  : Slow 1200mV 0C Model Setup 'start'
Slack : -0.139
TNS   : -0.139

Type  : Slow 1200mV 0C Model Hold 'clk_50'
Slack : 0.312
TNS   : 0.000

Type  : Slow 1200mV 0C Model Hold 'start'
Slack : 0.734
TNS   : 0.000

Type  : Slow 1200mV 0C Model Minimum Pulse Width 'clk_50'
Slack : -3.000
TNS   : -212.000

Type  : Slow 1200mV 0C Model Minimum Pulse Width 'start'
Slack : -3.000
TNS   : -4.000

Type  : Fast 1200mV 0C Model Setup 'clk_50'
Slack : -1.909
TNS   : -114.045

Type  : Fast 1200mV 0C Model Setup 'start'
Slack : 0.200
TNS   : 0.000

Type  : Fast 1200mV 0C Model Hold 'clk_50'
Slack : 0.186
TNS   : 0.000

Type  : Fast 1200mV 0C Model Hold 'start'
Slack : 0.501
TNS   : 0.000

Type  : Fast 1200mV 0C Model Minimum Pulse Width 'clk_50'
Slack : -3.000
TNS   : -224.040

Type  : Fast 1200mV 0C Model Minimum Pulse Width 'start'
Slack : -3.000
TNS   : -4.089

------------------------------------------------------------
