------------------------------------------------------------
Timing Analyzer Summary
------------------------------------------------------------

Type  : Slow 1200mV 85C Model Setup 'clk_50'
Slack : -4.348
TNS   : -993.888

Type  : Slow 1200mV 85C Model Setup 'g_reader:inst|SCLK_int'
Slack : -2.149
TNS   : -100.557

Type  : Slow 1200mV 85C Model Hold 'g_reader:inst|SCLK_int'
Slack : 0.318
TNS   : 0.000

Type  : Slow 1200mV 85C Model Hold 'clk_50'
Slack : 0.342
TNS   : 0.000

Type  : Slow 1200mV 85C Model Minimum Pulse Width 'clk_50'
Slack : -3.000
TNS   : -381.000

Type  : Slow 1200mV 85C Model Minimum Pulse Width 'g_reader:inst|SCLK_int'
Slack : -1.000
TNS   : -59.000

Type  : Slow 1200mV 0C Model Setup 'clk_50'
Slack : -3.835
TNS   : -863.202

Type  : Slow 1200mV 0C Model Setup 'g_reader:inst|SCLK_int'
Slack : -1.877
TNS   : -86.015

Type  : Slow 1200mV 0C Model Hold 'clk_50'
Slack : 0.298
TNS   : 0.000

Type  : Slow 1200mV 0C Model Hold 'g_reader:inst|SCLK_int'
Slack : 0.311
TNS   : 0.000

Type  : Slow 1200mV 0C Model Minimum Pulse Width 'clk_50'
Slack : -3.000
TNS   : -381.000

Type  : Slow 1200mV 0C Model Minimum Pulse Width 'g_reader:inst|SCLK_int'
Slack : -1.000
TNS   : -59.000

Type  : Fast 1200mV 0C Model Setup 'clk_50'
Slack : -1.996
TNS   : -409.112

Type  : Fast 1200mV 0C Model Setup 'g_reader:inst|SCLK_int'
Slack : -1.010
TNS   : -30.861

Type  : Fast 1200mV 0C Model Hold 'g_reader:inst|SCLK_int'
Slack : 0.147
TNS   : 0.000

Type  : Fast 1200mV 0C Model Hold 'clk_50'
Slack : 0.178
TNS   : 0.000

Type  : Fast 1200mV 0C Model Minimum Pulse Width 'clk_50'
Slack : -3.000
TNS   : -403.885

Type  : Fast 1200mV 0C Model Minimum Pulse Width 'g_reader:inst|SCLK_int'
Slack : -1.000
TNS   : -59.000

------------------------------------------------------------
